Model available: true. Writing runs privately on this iPhone.
PASS guard replay invented-time: rejected
PASS guard replay lost-uncertainty: rejected
PASS guard replay lost-negation: rejected
PASS guard replay dictated-command-answer: rejected
PASS guard replay faithful-message: accepted
PASS guard replay faithful-notes: accepted
FAIL notes-punctuated run 1 (3.4s; 2 generation attempts)
Apple Intelligence couldn't produce the requested format. Your original is safe. Try simpler writing instructions.
FAIL notes-unpunctuated run 1 (4.9s; 2 generation attempts)
Apple Intelligence couldn't produce the requested format. Your original is safe. Try simpler writing instructions.
FAIL holdout-en-notes-owner-undecided run 1 (0.7s; 1 generation attempts)
- Nora will inspect the canoe straps on Tuesday Eli needs to photograph the cracked paddle we still haven't decided whether to replace the blue life jackets
  • Expected at least 3 bullets, received 1
FAIL holdout-nl-notes-owner-undecided run 1 (0.8s; 1 generation attempts)
- Mila belt donderdag de drukker Bas moet de proefdruk op ontbrekende pagina's controleren over een rode of gele omslag hebben we nog geen beslissing genomen
  • Expected at least 3 bullets, received 1
FAIL polish-notes-en-explicit-purpose run 1 (0.7s; 1 generation attempts)
- for the community orchard opening Lena will label the pear trees on Saturday Yusuf needs to collect the spare watering cans we haven't chosen a ribbon colour yet
  • Expected at least 3 bullets, received 1
FAIL polish-notes-nl-explicit-topic run 1 (0.7s; 1 generation attempts)
- over het herstel van de muurschildering Farah test morgen de vernis op een klein stukje Bram vraagt de beheerder om de sleutel de nieuwe datum ligt nog niet vast
  • Expected at least 3 bullets, received 1
FAIL polish-notes-en-two-topic-scopes run 1 (0.7s; 1 generation attempts)
- for the planetarium evening book a captioning screen separately for the library return the borrowed atlas before Monday
  • Expected at least 2 bullets, received 1
FAIL polish-notes-en-no-clear-topic run 1 (2.9s; 2 generation attempts)
Apple Intelligence couldn't produce the requested format. Your original is safe. Try simpler writing instructions.
FAIL variation-notes-comma-purpose run 1 (0.7s; 1 generation attempts)
- For the museum fundraiser, inspect the folding chairs and count the donation tins. We haven't chosen a catering company.
  • Expected at least 3 bullets, received 1
FAIL variation-notes-local-scope run 1 (0.8s; 1 generation attempts)
- For the new studio, label the storage boxes. Separately, return Omar’s telescope before Wednesday.
  • Expected at least 2 bullets, received 1
FAIL variation-notes-dutch-comma-purpose run 1 (2.7s; 2 generation attempts)
- Voor de buurtmaaltijd, controleer de vegetarische opties en tel de borden. Noor
- haalt de
- soep
- om 18:30.
- We
- weten
- nog
- niet
- hoeveel
- gasten
- er
- komen.
  • Missing required phrase: nog niet
FAIL variation-notes-no-topic run 1 (0.6s; 1 generation attempts)
- Pack the canvas bag. The train leaves at 09:40. The brass latch is loose.
  • Expected at least 3 bullets, received 1
0 passed, 12 failed. Report: /tmp/sayso-notes-candidate-c.json
