Model available: true. Writing runs privately on this iPhone.
PASS guard replay invented-time: rejected
PASS guard replay lost-uncertainty: rejected
PASS guard replay lost-negation: rejected
PASS guard replay dictated-command-answer: rejected
PASS guard replay faithful-message: accepted
PASS guard replay faithful-notes: accepted
FAIL notes-punctuated run 1 (1.8s; 1 generation attempts)
- For the launch we still need to finish the onboarding screens, test recording on a real device and check the accessibility labels.
- Maya is taking care of the screenshots.
- We have not decided on a launch date.
  • Expected at least 5 bullets, received 3
FAIL notes-unpunctuated run 1 (1.0s; 1 generation attempts)
- For the launch we still need to finish the onboarding screens test recording on a real device and check the accessibility labels Maya is taking care of the screenshots we have not decided on a launch date
  • Expected at least 5 bullets, received 1
PASS holdout-en-notes-owner-undecided run 1 (1.0s; 1 generation attempts)
- Nora will inspect the canoe straps on Tuesday
- Eli needs to photograph the cracked paddle
- we still haven't decided whether to replace the blue life jackets
PASS holdout-nl-notes-owner-undecided run 1 (1.2s; 1 generation attempts)
- Mila belt donderdag
- de drukker Bas moet de proefdruk op ontbrekende pagina's controleren
- over een rode of gele omslag
- we hebben nog geen beslissing genomen
FAIL polish-notes-en-explicit-purpose run 1 (1.1s; 1 generation attempts)
- for the community orchard opening Lena will label the pear trees on Saturday
- Yusuf needs to collect the spare watering cans we haven't chosen a ribbon colour yet
  • Expected at least 3 bullets, received 2
FAIL polish-notes-nl-explicit-topic run 1 (1.0s; 1 generation attempts)
- over het herstel van de muurschildering Farah test morgen de vernis op een klein stukje Bram vraagt de beheerder om de sleutel de nieuwe datum ligt nog niet vast
  • Expected at least 3 bullets, received 1
FAIL polish-notes-en-two-topic-scopes run 1 (0.7s; 1 generation attempts)
- book a captioning screen separately for the library
- return the borrowed atlas before Monday
  • Missing required phrase: planetarium
PASS polish-notes-en-no-clear-topic run 1 (0.8s; 1 generation attempts)
- put the copper key back in the drawer
- the shuttle leaves at 16:20
- the jar by the window is empty
FAIL variation-notes-comma-purpose run 1 (0.8s; 1 generation attempts)
- For the museum fundraiser, inspect the folding chairs and count the donation tins.
- We haven't chosen a catering company.
  • Expected at least 3 bullets, received 2
PASS variation-notes-local-scope run 1 (0.8s; 1 generation attempts)
- For the new studio, label the storage boxes.
- Separately, return Omar’s telescope before Wednesday.
FAIL variation-notes-dutch-comma-purpose run 1 (1.1s; 1 generation attempts)
- Voor de buurtmaaltijd, controleer de vegetarische opties en tel de borden.
- Noor haalt de soep om 18:30.
- We weten nog niet hoeveel gasten er komen.
  • Expected at least 4 bullets, received 3
PASS variation-notes-no-topic run 1 (0.8s; 1 generation attempts)
- Pack the canvas bag.
- The train leaves at 09:40.
- The brass latch is loose.
Swift/ErrorType.swift:254: Fatal error: Error raised at top level: Error Domain=NSCocoaErrorDomain Code=640 "Creating a temporary file via mktemp failed. Creating the temporary file via _amkrtemp previously also failed with errno Optional(28)" UserInfo={NSUserStringVariant=(
    Folder
), NSFilePath=/tmp/sayso-notes-candidate-a.json, NSURL=file:///tmp/sayso-notes-candidate-a.json, NSDebugDescription=Creating a temporary file via mktemp failed. Creating the temporary file via _amkrtemp previously also failed with errno Optional(28), NSUnderlyingError=0xc55401260 {Error Domain=NSPOSIXErrorDomain Code=28 "No space left on device"}}
/tmp/sayso-run-notes-trial.sh: line 13: 79351 Trace/BPT trap: 5       "$trial_build/evaluate" --fixtures /tmp/sayso-notes-development.json --repeat "$trial_repeats" --output "$trial_output"
