Model available: true. Writing runs privately on this iPhone.
PASS guard replay invented-time: rejected
PASS guard replay lost-uncertainty: rejected
PASS guard replay lost-negation: rejected
PASS guard replay dictated-command-answer: rejected
PASS guard replay faithful-message: accepted
PASS guard replay faithful-notes: accepted
PASS flat-notes-en-owner-and-status-preserve run 1 (2.2s; 1 generation attempts)
- Mina: check the walnut finish on Tuesday.
- Rowan: package the dry sample only after Mina approves it.
- Status: the courier slot is not confirmed.
PASS flat-notes-nl-role-labels-preserve run 1 (2.3s; 2 generation attempts)
- Vika: vraag morgen of de lunchruimte beschikbaar is.
- Jules: bel alleen als Vika geen antwoord krijgt.
PASS flat-notes-en-literal-colon-preserve run 1 (1.2s; 1 generation attempts)
- Printed warning: "Eden: keep this crate upright".
- Remy: attach that warning to the empty crate.
- Do not seal the crate until Remy has attached it.
PASS flat-notes-nl-corrected-owner-transform run 1 (2.2s; 2 generation attempts)
- Vera: neem de transparante bak mee, nee Joep neemt die bak mee.
- Vera: neem de zwarte bak mee.
- Beide bakken moeten voor zaterdag klaarstaan.
PASS flat-notes-en-filler-runons-transform run 1 (1.1s; 1 generation attempts)
- Quinn: ask the kiln technician whether the seal can be reused. Do not order a replacement yet.
- Anika: photograph the hinge and keep the close-up with the repair notes.
PASS flat-notes-nl-recipient-deadline-transform run 1 (1.2s; 1 generation attempts)
- Rens: stuur de offerte naar Liv op maandag, nee naar Otis op dinsdag.
- Liv: controleer woensdag alleen de bijlage.
- Otis: bevestig nog geen bestelling.
PASS flat-notes-en-owner-and-status-preserve run 2 (1.0s; 1 generation attempts)
- Mina: check the walnut finish on Tuesday.
- Rowan: package the dry sample only after Mina approves it.
- Status: the courier slot is not confirmed.
PASS flat-notes-nl-role-labels-preserve run 2 (2.2s; 2 generation attempts)
- Vika: vraag morgen of de lunchruimte beschikbaar is.
- Jules: bel alleen als Vika geen antwoord krijgt.
PASS flat-notes-en-literal-colon-preserve run 2 (2.3s; 2 generation attempts)
- Printed warning: "Eden: keep this crate upright".
- Remy: attach that warning to the empty crate.
- Do not seal the crate until Remy has attached it.
PASS flat-notes-nl-corrected-owner-transform run 2 (2.3s; 2 generation attempts)
- Vera: neem de transparante bak mee, nee Joep neemt die bak mee.
- Vera: neem de zwarte bak mee.
- Beide bakken moeten voor zaterdag klaarstaan.
PASS flat-notes-en-filler-runons-transform run 2 (1.1s; 1 generation attempts)
- Quinn: ask the kiln technician whether the seal can be reused. Do not order a replacement yet.
- Anika: photograph the hinge and keep the close-up with the repair notes.
PASS flat-notes-nl-recipient-deadline-transform run 2 (1.2s; 1 generation attempts)
- Rens: stuur de offerte naar Liv op maandag, nee naar Otis op dinsdag.
- Liv: controleer woensdag alleen de bijlage.
- Otis: bevestig nog geen bestelling.
12 passed, 0 failed. Report: /Users/ali/Dev/pet-projects/Sayso/docs/intelligence-flat-notes-trials/candidate-d.json
