Model available: true. Writing runs privately on this iPhone.
PASS guard replay invented-time: rejected
PASS guard replay lost-uncertainty: rejected
PASS guard replay lost-negation: rejected
PASS guard replay dictated-command-answer: rejected
PASS guard replay faithful-message: accepted
PASS guard replay faithful-notes: accepted
PASS bulleted-independent-en-owner-control run 1 (3.2s; 2 generation attempts)
- Keziah labels the sample vials for the field-survey team by Thursday.
- Oren checks the cold-box seal before that team leaves.
- Replacement batteries have not been approved.
FAIL bulleted-independent-nl-scope-control run 1 (1.1s; 1 generation attempts)
Apple Intelligence couldn't rewrite this text. Your original is still available.
FAIL bulleted-independent-en-fillers-distinct-owners run 1 (0.8s; 1 generation attempts)
- Zinnia checks the projector on Monday and Lennox collects the folding chairs on Tuesday
- keep the spare cables in the storeroom
  • Expected at least 3 bullets, received 2
FAIL bulleted-independent-nl-fillers-distinct-owners run 1 (0.9s; 1 generation attempts)
- Merel belt de drukker woensdag en Tibor haalt vrijdag de proefdruk op
- de grote doos blijft op kantoor
  • Expected at least 3 bullets, received 2
FAIL bulleted-independent-en-owner-date-correction run 1 (0.8s; 1 generation attempts)
- Calista delivers the display stand on Friday.
- Calista only prepares the carrying case; do not ask her to transport the stand.
  • Missing required phrase: Felix
PASS bulleted-independent-nl-owner-date-correction run 1 (1.0s; 1 generation attempts)
- Renske regelt maandag vervoer voor de houten kast. Nee, dinsdag; Boudewijn regelt het vervoer.
- Renske pakt alleen de losse planken in.
PASS bulleted-independent-en-owner-control run 2 (1.0s; 1 generation attempts)
- Keziah labels the sample vials for the field-survey team by Thursday.
- Oren checks the cold-box seal before that team leaves.
- Replacement batteries have not been approved.
FAIL bulleted-independent-nl-scope-control run 2 (1.0s; 1 generation attempts)
Apple Intelligence couldn't rewrite this text. Your original is still available.
FAIL bulleted-independent-en-fillers-distinct-owners run 2 (0.8s; 1 generation attempts)
- Zinnia checks the projector on Monday and Lennox collects the folding chairs on Tuesday
- Keep the spare cables in the storeroom
  • Expected at least 3 bullets, received 2
FAIL bulleted-independent-nl-fillers-distinct-owners run 2 (1.9s; 2 generation attempts)
- Merel belt de drukker woensdag en Tibor haalt vrijdag de proefdruk op
- de grote doos blijft op kantoor
  • Expected at least 3 bullets, received 2
FAIL bulleted-independent-en-owner-date-correction run 2 (0.8s; 1 generation attempts)
- Calista delivers the display stand on Friday.
- Calista only prepares the carrying case; do not ask her to transport the stand.
  • Missing required phrase: Felix
PASS bulleted-independent-nl-owner-date-correction run 2 (1.0s; 1 generation attempts)
- Renske regelt maandag vervoer voor de houten kast. Nee, dinsdag; Boudewijn regelt het vervoer.
- Renske pakt alleen de losse planken in.
4 passed, 8 failed. Report: /tmp/sayso-notes-owners-independent-candidate-c.json
