Model available: true. Writing runs privately on this iPhone.
PASS guard replay invented-time: rejected
PASS guard replay lost-uncertainty: rejected
PASS guard replay lost-negation: rejected
PASS guard replay dictated-command-answer: rejected
PASS guard replay faithful-message: accepted
PASS guard replay faithful-notes: accepted
PASS bulleted-independent-en-owner-control run 1 (2.1s; 1 generation attempts)
- Keziah labels the sample vials for the field-survey team by Thursday.
- Oren checks the cold-box seal before that team leaves.
- Replacement batteries have not been approved.
FAIL bulleted-independent-nl-scope-control run 1 (1.2s; 1 generation attempts)
Apple Intelligence couldn't rewrite this text. Your original is still available.
PASS bulleted-independent-en-fillers-distinct-owners run 1 (1.2s; 1 generation attempts)
- Um Zinnia checks the projector on Monday.
- Um Lennox collects the folding chairs on Tuesday.
- Er keep the spare cables in the storeroom.
FAIL bulleted-independent-nl-fillers-distinct-owners run 1 (1.4s; 1 generation attempts)
- Merel belt de drukker woensdag en Tibor haalt vrijdag de proefdruk op
- De grote doos blijft op kantoor
  • Expected at least 3 bullets, received 2
FAIL bulleted-independent-en-owner-date-correction run 1 (1.1s; 1 generation attempts)
- Calista delivers the display stand on Thursday.
- Calista only prepares the carrying case; do not ask her to transport the stand.
  • Missing required phrase: Felix
  • Missing required phrase: Friday
PASS bulleted-independent-nl-owner-date-correction run 1 (1.1s; 1 generation attempts)
- Renske regelt maandag vervoer voor de houten kast.
- Nee, dinsdag; Boudewijn regelt het vervoer.
PASS bulleted-independent-en-owner-control run 2 (1.2s; 1 generation attempts)
- Keziah labels the sample vials for the field-survey team by Thursday.
- Oren checks the cold-box seal before that team leaves.
- Replacement batteries have not been approved.
FAIL bulleted-independent-nl-scope-control run 2 (1.2s; 1 generation attempts)
Apple Intelligence couldn't rewrite this text. Your original is still available.
PASS bulleted-independent-en-fillers-distinct-owners run 2 (1.0s; 1 generation attempts)
- Um Zinnia checks the projector on Monday.
- Um Lennox collects the folding chairs on Tuesday.
- Er keep the spare cables in the storeroom.
FAIL bulleted-independent-nl-fillers-distinct-owners run 2 (1.0s; 1 generation attempts)
- Merel belt de drukker woensdag en uh Tibor haalt vrijdag de proefdruk op
- um de grote doos blijft op kantoor
  • Expected at least 3 bullets, received 2
FAIL bulleted-independent-en-owner-date-correction run 2 (1.0s; 1 generation attempts)
- Calista delivers the display stand on Thursday.
- Calista only prepares the carrying case; do not ask her to transport the stand.
  • Missing required phrase: Felix
  • Missing required phrase: Friday
PASS bulleted-independent-nl-owner-date-correction run 2 (1.1s; 1 generation attempts)
- Renske regelt maandag vervoer voor de houten kast.
- Nee, dinsdag; Boudewijn regelt het vervoer.
6 passed, 6 failed. Report: /tmp/sayso-notes-owners-independent-baseline.json
