Model available: true. Writing runs privately on this iPhone.
PASS guard replay invented-time: rejected
PASS guard replay lost-uncertainty: rejected
PASS guard replay lost-negation: rejected
PASS guard replay dictated-command-answer: rejected
PASS guard replay faithful-message: accepted
PASS guard replay faithful-notes: accepted
FAIL notes-challenge-en-already-good run 1 (3.5s; 1 generation attempts)
- Reserve the rehearsal room by Tuesday.
- Keep the east door locked until the caretaker arrives.
- The rehearsal may run late; no extra session is confirmed.
  • Missing required phrase: Cora
PASS notes-challenge-nl-already-good run 1 (1.2s; 1 generation attempts)
- Ravi haalt donderdag het rekwisiet op.
- Gebruik de hoge kruk alleen tijdens de fotosessie.
- We weten nog niet of er een reservekruk nodig is.
FAIL owners-en-colon-ready run 1 (1.0s; 1 generation attempts)
- Collect the ceramic samples by Thursday.
- Photograph the cracked frame on Friday.
- The replacement glass may arrive late; do not promise a delivery date.
  • Missing required phrase: Vera
  • Missing required phrase: Ivo
FAIL owners-nl-colon-ready run 1 (1.2s; 1 generation attempts)
- Controleer de reserveband voor dinsdag.
- Haal donderdag het statief op.
- We weten nog niet of de lens gerepareerd kan worden.
  • Missing required phrase: Sana
  • Missing required phrase: Pieter
FAIL owners-bullets-filler run 1 (1.0s; 1 generation attempts)
- Um, Keiko should check the window latch before Monday.
- Uh, keep the storage door locked until the caretaker comes back.
  • Unexpected phrase: Um,
  • Unexpected phrase: Uh,
PASS owners-bullets-number-correction run 1 (0.9s; 1 generation attempts)
- Malik sends 9 sample packets.
- Do not send the spare labels yet.
FAIL owners-bullets-owner-correction run 1 (1.0s; 1 generation attempts)
- Theo will calibrate the sensor.
- Actually, Bea will calibrate it.
  • Missing required phrase: meter
  • Missing required phrase: tomorrow
FAIL owners-bullets-merged-actions run 1 (1.7s; 2 generation attempts)
Apple Intelligence couldn't produce the requested format. Your original is safe. Try simpler writing instructions.
FAIL owners-bullets-context-label run 1 (0.9s; 1 generation attempts)
- Petra orders the shielded cable.
- Milo labels the boxes before Wednesday.
  • Missing required phrase: radio room
  • Missing required phrase: archive
FAIL owners-unformatted-general run 1 (1.0s; 1 generation attempts)
- Noura checks the stage lights.
- Tomas brings the spare microphone.
- We have not decided when to open the doors.
  • Missing required phrase: rehearsal
2 passed, 8 failed. Report: /tmp/sayso-notes-owners-baseline.json
